[ ] import OCP ...
[x] import OCP: 1.6s  rss=214MB peak=214MB
[ ] STEP -> XCAF read+transfer ...
[x] STEP -> XCAF read+transfer: 168.1s  rss=1015MB peak=1075MB
[ ] walk XCAF tree ...
[x] walk XCAF tree: 0.9s  rss=1015MB peak=1075MB

== XCAF LEAF TOTALS ==
{
 "solids": 50,
 "shells": 8213,
 "faces": 15918,
 "edges": 192986,
 "shells_closed": 180,
 "shells_open": 8033
}
[ ] tessellate lin=0.5 ang=20.0 ...
[x] tessellate lin=0.5 ang=20.0: 5.4s  rss=1117MB peak=1667MB
[ ] count triangles ...
    triangles=1,077,512
[x] count triangles: 0.1s  rss=1117MB peak=1667MB
[ ] write GLB out/engine-and-pump.glb ...
[x] write GLB out/engine-and-pump.glb: 0.9s  rss=1119MB peak=1667MB
manifest -> reports/convert-glb.json

DONE  in=194.5MB out=24.6MB tri=1,077,512 peak_rss=1667MB
