[ ] import OCP ...
[x] import OCP: 3.8s  rss=214MB peak=214MB
[ ] STEP -> XCAF read+transfer ...
[x] STEP -> XCAF read+transfer: 169.4s  rss=1015MB peak=1074MB
[ ] walk XCAF tree ...
[x] walk XCAF tree: 1.6s  rss=1015MB peak=1074MB

== XCAF LEAF TOTALS ==
{
 "solids": 50,
 "shells": 8213,
 "faces": 15918,
 "edges": 192986,
 "shells_closed": 180,
 "shells_open": 8033
}
[ ] tessellate lin=0.5 ang=20.0 ...
[x] tessellate lin=0.5 ang=20.0: 7.9s  rss=1121MB peak=1668MB
[ ] count triangles ...
    triangles=1,077,512
[x] count triangles: 0.1s  rss=1121MB peak=1668MB
[ ] write GLB out/engine-and-pump-v3.glb ...
[x] write GLB out/engine-and-pump-v3.glb: 1.6s  rss=1124MB peak=1668MB
manifest -> reports/convert-glb-v3.json

DONE  in=194.5MB out=24.6MB tri=1,077,512 peak_rss=1668MB
