00:00.086  system.path      | WARNING Could not get a list of mounted file-systems
00:01.918  blend            | Read blend: "/data/input/engine-and-pump-v10.blend"
00:03.484  cycles           | WARNING HIPEW initialization failed: Error opening HIP dynamic library
00:29.454  render           | Saved: '/data/final-01/01-pump-hero.png'
[astra] visibility fix: {'scope': 'collection:CAD_pump_new', 'before[hide_render,hide_viewport]': [True, False], 'after[hide_render,hide_viewport]': [False, False]}
[astra] visibility fix: 1 change(s)
[astra] floor GroundFloor size 180.0 m at z=-0.9743, in scene=True, hide_render=False
[astra] camera REF_01-pump-hero: dist 12.02 m, lens 58 mm
[astra] camera REF_02-side-hero: dist 10.38 m, lens 58 mm
[astra] camera REF_03-drive-side: dist 11.50 m, lens 58 mm
[astra] pump render check: 415/415 meshes renderable, all_in_view_layer=True, all_non_empty_eval=True
[astra] pump camera-ray hits from REF_01-pump-hero: 24/24 sample rays hit CAD_pump_new
[astra] pump render check: 415/415 meshes renderable, all_in_view_layer=True, all_non_empty_eval=True
[astra] pump camera-ray hits from REF_02-side-hero: 24/24 sample rays hit CAD_pump_new
[astra] pump render check: 415/415 meshes renderable, all_in_view_layer=True, all_non_empty_eval=True
[astra] pump camera-ray hits from REF_03-drive-side: 24/24 sample rays hit CAD_pump_new
[astra] camera REF_05-pump-detail: dist 6.94 m, lens 75 mm
[astra] pump render check: 415/415 meshes renderable, all_in_view_layer=True, all_non_empty_eval=True
[astra] pump camera-ray hits from REF_05-pump-detail: 24/24 sample rays hit CAD_pump_new
Info: Saved as "engine-pump-reference-look.blend"
BEAUTY_IMAGE 01-pump-hero
00:52.686  render           | Saved: '/data/final-01/02-side-hero.png'
BEAUTY_IMAGE 02-side-hero
01:15.678  render           | Saved: '/data/final-01/03-drive-side.png'
BEAUTY_IMAGE 03-drive-side
01:40.833  render           | Saved: '/data/final-01/05-pump-detail.png'
BEAUTY_IMAGE 05-pump-detail
02:04.440  render           | Saved: '/data/final-01/04-light-studio.png'
02:06.170  blend            | Read blend: "/data/final-01/engine-pump-reference-look.blend"
Blender 5.1.2 (hash ec6e62d40fa9 built 2026-05-19 02:18:37)
Info: Saved as "engine-pump-reference-look.blend"
[astra] pump render check: 415/415 meshes renderable, all_in_view_layer=True, all_non_empty_eval=True
[astra] pump camera-ray hits from REF_01-pump-hero: 24/24 sample rays hit CAD_pump_new
BEAUTY_COMPLETE {"images": 5, "seconds": 126.3669068813324}

Blender quit
