C:\Users\Markimus\AppData\Local\Programs\Python\Python314\Lib\site-packages\modal\_utils\async_utils.py:43: DeprecationWarning: 'asyncio.WindowsSelectorEventLoopPolicy' is deprecated and slated for removal in Python 3.16
  asyncio.set_event_loop_policy(asyncio.WindowsSelectorEventLoopPolicy())
C:\Users\Markimus\AppData\Local\Programs\Python\Python314\Lib\site-packages\modal\_utils\async_utils.py:43: DeprecationWarning: 'asyncio.set_event_loop_policy' is deprecated and slated for removal in Python 3.16
  asyncio.set_event_loop_policy(asyncio.WindowsSelectorEventLoopPolicy())
✓ Initialized. View run at 
https://modal.com/apps/mhintz1980/main/ap-6ViotFIVYEcYiZVTRHDiDX
✓ Created objects.
├── 🔨 Created mount 
│   C:\Projects\CAD\astra-engine-pump\tools\astra_modal_engine.py
└── 🔨 Created function run_export.
[local] source SHA verified: 5f8632d8ef9b27da15b221f47feb9fb37dcea7b52493aeba62125523ae5f5e6f
[local] uploaded blend to volume as run-20260918T140853/engine-and-pump-v10.blend
[BLENDER STDOUT]
00:00.137  system.path      | WARNING Could not get a list of mounted file-systems
00:02.507  blend            | Read blend: "/input/run-20260918T140853/engine-and-pump-v10.blend"
01:20.264  cycles           | WARNING HIPEW initialization failed: Error opening HIP dynamic library
Info: Saved copy as "engine-cleaned.blend"
Error: Cannot render, no camera
[astra-export] DONE rev3 in 77.0 s
[astra-export] detailed STL: 499996 tris; light STL: 199998 tris; preview=FAILED
Blender 5.1.2 (hash ec6e62d40fa9 built 2026-05-19 02:18:37)

Blender quit

[BLENDER STDERR]
/scripts/astra_engine_export.py:362: DeprecationWarning: 'World.use_nodes' is expected to be removed in Blender 6.0
  world.use_nodes = True

[local] receipt saved; outputs in reports/astra-modal-engine/run-20260918T140853
Stopping app - uncaught exception raised locally: SystemExit('remote job failed rc=1: None').
remote job failed rc=1: None
